2026-09-11 04:46:08,112 job=2512e1d4cd304df6a6884015ce3b73b5 accepted file=Security.evtx bytes=512 sha256=5070409e7914cc63b29ea925111a7015a2dedeb1cfdfe2ba07c682be020e67b6 by=(unknown)
2026-09-11 04:46:08,148 job=3da1f12d3d754f82b2346a281f77d101 accepted file=Security.evtx bytes=512 sha256=5070409e7914cc63b29ea925111a7015a2dedeb1cfdfe2ba07c682be020e67b6 by=(unknown)
2026-09-11 04:46:08,238 job=2aa8853af6a549638ace3e121f37ef00 accepted file=passwd bytes=512 sha256=5070409e7914cc63b29ea925111a7015a2dedeb1cfdfe2ba07c682be020e67b6 by=(unknown)
2026-09-11 04:46:08,258 job=e01766f2b0e44bf7b21ff9410d68d78c accepted file=a.evtx bytes=512 sha256=5070409e7914cc63b29ea925111a7015a2dedeb1cfdfe2ba07c682be020e67b6 by=jose@example.org
2026-09-11 04:46:08,281 job=2909b1d8137b4067951666d2b5df7562 accepted file=a.evtx bytes=512 sha256=5070409e7914cc63b29ea925111a7015a2dedeb1cfdfe2ba07c682be020e67b6 by=jose_fake_admin _b_x_/b_
2026-09-11 04:46:08,304 job=a4a53d6794b34952a20a99bf2e57732a accepted file=a.evtx bytes=512 sha256=5070409e7914cc63b29ea925111a7015a2dedeb1cfdfe2ba07c682be020e67b6 by=(unverified) INC0012345
2026-09-11 04:46:08,326 job=368db5f693764c9984bf60c25917965a accepted file=Security.evtx bytes=512 sha256=5070409e7914cc63b29ea925111a7015a2dedeb1cfdfe2ba07c682be020e67b6 by=(unknown)
2026-09-11 04:46:08,376 job=408d22cbf35d485695c04d26d1581136 accepted file=First.evtx bytes=512 sha256=5070409e7914cc63b29ea925111a7015a2dedeb1cfdfe2ba07c682be020e67b6 by=(unknown)
2026-09-11 04:46:08,550 job=3aad5ada18d24c56ba48384b0a5b99a3 accepted file=Security.evtx bytes=512 sha256=5070409e7914cc63b29ea925111a7015a2dedeb1cfdfe2ba07c682be020e67b6 by=(unknown)
2026-09-11 04:46:08,583 job=2b075bda6fcc46e7a51f6a03a978586a accepted file=Security.evtx bytes=512 sha256=5070409e7914cc63b29ea925111a7015a2dedeb1cfdfe2ba07c682be020e67b6 by=(unknown)
2026-09-11 04:46:08,607 job=8cb40abae75d44d49dc85be260fb9412 accepted file=Security.evtx bytes=512 sha256=5070409e7914cc63b29ea925111a7015a2dedeb1cfdfe2ba07c682be020e67b6 by=(unknown)
2026-09-11 04:46:08,631 job=31ba1c87f6a142e383d6366f2a180ca9 accepted file=Security.evtx bytes=512 sha256=5070409e7914cc63b29ea925111a7015a2dedeb1cfdfe2ba07c682be020e67b6 by=(unknown)
2026-09-11 04:46:08,655 job=8c3bf483ebad447990c053852e34ee12 accepted file=Security.evtx bytes=512 sha256=5070409e7914cc63b29ea925111a7015a2dedeb1cfdfe2ba07c682be020e67b6 by=(unknown)
2026-09-11 04:46:08,679 job=d565f33ea930426a92f6bf07fb14f499 accepted file=Security.evtx bytes=512 sha256=5070409e7914cc63b29ea925111a7015a2dedeb1cfdfe2ba07c682be020e67b6 by=(unknown)
2026-09-11 04:46:08,706 job=a0f094cfc76649d28367c52f8050c8e5 accepted file=Security.evtx bytes=512 sha256=5070409e7914cc63b29ea925111a7015a2dedeb1cfdfe2ba07c682be020e67b6 by=(unknown)
2026-09-11 04:46:08,743 job=6407f68148404fdc8ba803795e8a971d accepted file=Security.evtx bytes=512 sha256=5070409e7914cc63b29ea925111a7015a2dedeb1cfdfe2ba07c682be020e67b6 by=(unknown)
2026-09-11 04:46:08,753 job=6407f68148404fdc8ba803795e8a971d cancel requested (applied=True)
2026-09-11 04:46:08,776 job=ea90ba92d5eb466ba1b8d01409a6980b accepted file=Security.evtx bytes=512 sha256=5070409e7914cc63b29ea925111a7015a2dedeb1cfdfe2ba07c682be020e67b6 by=(unknown)
2026-09-11 04:46:08,782 job=ea90ba92d5eb466ba1b8d01409a6980b cancel requested (applied=False)
2026-09-11 04:46:08,804 job=6f8d40a583e9462ba7e00aaa74a2079c accepted file=Security.evtx bytes=512 sha256=5070409e7914cc63b29ea925111a7015a2dedeb1cfdfe2ba07c682be020e67b6 by=(unknown)
2026-09-11 04:46:08,850 job=c786c652a5314acbb6f346dcfb569637 accepted file=Security.evtx bytes=512 sha256=5070409e7914cc63b29ea925111a7015a2dedeb1cfdfe2ba07c682be020e67b6 by=(unknown)
2026-09-11 04:46:08,878 job=96f4b657236b4d7fa0a7232fd1759571 accepted file=logs.zip bytes=636 sha256=3f858c91789264f94debd859deffb877c376b5dc221c38ddc52fbab00aec7519 by=(unknown)
2026-09-11 04:46:19,747 job=9f81418311334d589ed223d3558916d1 accepted file=Security.evtx bytes=512 sha256=5070409e7914cc63b29ea925111a7015a2dedeb1cfdfe2ba07c682be020e67b6 by=(unknown)
2026-09-11 04:46:19,782 job=bb1548cd1f0e4872a1d841870bc719b0 accepted file=Security.evtx bytes=512 sha256=5070409e7914cc63b29ea925111a7015a2dedeb1cfdfe2ba07c682be020e67b6 by=(unknown)
2026-09-11 04:46:19,886 job=b5deddf549e64c1f8222064eddb0f91b accepted file=passwd bytes=512 sha256=5070409e7914cc63b29ea925111a7015a2dedeb1cfdfe2ba07c682be020e67b6 by=(unknown)
2026-09-11 04:46:19,909 job=8e861214c8a64fd29f7fa057a3494343 accepted file=a.evtx bytes=512 sha256=5070409e7914cc63b29ea925111a7015a2dedeb1cfdfe2ba07c682be020e67b6 by=jose@example.org
2026-09-11 04:46:19,933 job=b899f088279f4f3aac3bce9afdc014cd accepted file=a.evtx bytes=512 sha256=5070409e7914cc63b29ea925111a7015a2dedeb1cfdfe2ba07c682be020e67b6 by=jose_fake_admin _b_x_/b_
2026-09-11 04:46:19,958 job=e8d5a3ea911c4809abd02a8a9440cdd4 accepted file=a.evtx bytes=512 sha256=5070409e7914cc63b29ea925111a7015a2dedeb1cfdfe2ba07c682be020e67b6 by=(unverified) INC0012345
2026-09-11 04:46:19,982 job=f59ca282c51c46a9b9ae6d203097f0cd accepted file=Security.evtx bytes=512 sha256=5070409e7914cc63b29ea925111a7015a2dedeb1cfdfe2ba07c682be020e67b6 by=(unknown)
2026-09-11 04:46:20,035 job=d123331b9d3949959dbe2c2a85ab6b45 accepted file=First.evtx bytes=512 sha256=5070409e7914cc63b29ea925111a7015a2dedeb1cfdfe2ba07c682be020e67b6 by=(unknown)
2026-09-11 04:46:20,191 job=f2af496117514677b568fbe2c2453c02 accepted file=Security.evtx bytes=512 sha256=5070409e7914cc63b29ea925111a7015a2dedeb1cfdfe2ba07c682be020e67b6 by=(unknown)
2026-09-11 04:46:20,227 job=a496afb5ae01400f828a4b3644112ab8 accepted file=Security.evtx bytes=512 sha256=5070409e7914cc63b29ea925111a7015a2dedeb1cfdfe2ba07c682be020e67b6 by=(unknown)
2026-09-11 04:46:20,255 job=92beb7ae15564b998e99bf54e4601c46 accepted file=Security.evtx bytes=512 sha256=5070409e7914cc63b29ea925111a7015a2dedeb1cfdfe2ba07c682be020e67b6 by=(unknown)
2026-09-11 04:46:20,280 job=7046682a1a9a47bc8dc791345a6f88ba accepted file=Security.evtx bytes=512 sha256=5070409e7914cc63b29ea925111a7015a2dedeb1cfdfe2ba07c682be020e67b6 by=(unknown)
2026-09-11 04:46:20,307 job=bff5847382bc422cbc30e476f3f7145c accepted file=Security.evtx bytes=512 sha256=5070409e7914cc63b29ea925111a7015a2dedeb1cfdfe2ba07c682be020e67b6 by=(unknown)
2026-09-11 04:46:20,336 job=37b0ed2ba89c495485a0d38737b07836 accepted file=Security.evtx bytes=512 sha256=5070409e7914cc63b29ea925111a7015a2dedeb1cfdfe2ba07c682be020e67b6 by=(unknown)
2026-09-11 04:46:20,362 job=1c4548545c7e4bb8954ef5416bafdcdb accepted file=Security.evtx bytes=512 sha256=5070409e7914cc63b29ea925111a7015a2dedeb1cfdfe2ba07c682be020e67b6 by=(unknown)
2026-09-11 04:46:20,390 job=d3e7fe3fbfc54a289f52e4a2e1f07145 accepted file=Security.evtx bytes=512 sha256=5070409e7914cc63b29ea925111a7015a2dedeb1cfdfe2ba07c682be020e67b6 by=(unknown)
2026-09-11 04:46:20,397 job=d3e7fe3fbfc54a289f52e4a2e1f07145 cancel requested (applied=True)
2026-09-11 04:46:20,422 job=77171c78938a4e8cb75fd1afcc4c766f accepted file=Security.evtx bytes=512 sha256=5070409e7914cc63b29ea925111a7015a2dedeb1cfdfe2ba07c682be020e67b6 by=(unknown)
2026-09-11 04:46:20,428 job=77171c78938a4e8cb75fd1afcc4c766f cancel requested (applied=False)
2026-09-11 04:46:20,451 job=e440c740f7144b5fa568c118952cd728 accepted file=Security.evtx bytes=512 sha256=5070409e7914cc63b29ea925111a7015a2dedeb1cfdfe2ba07c682be020e67b6 by=(unknown)
2026-09-11 04:46:20,499 job=bb005366e8a04395ad4f3cbb96b1a591 accepted file=Security.evtx bytes=512 sha256=5070409e7914cc63b29ea925111a7015a2dedeb1cfdfe2ba07c682be020e67b6 by=(unknown)
2026-09-11 04:46:20,538 job=050c2ddef53246ff9efd229a968b5dcb accepted file=logs.zip bytes=636 sha256=dc2c5fd5666d123139a5498eaaad0609c9910691e56ef8c3795b45ac1fbe3fc8 by=(unknown)
2026-09-11 04:46:20,588 job=5baf564bcbd0428ab9831dcb23682630 accepted file=Security.evtx bytes=512 sha256=5070409e7914cc63b29ea925111a7015a2dedeb1cfdfe2ba07c682be020e67b6 by=(unknown)
2026-09-11 04:46:39,712 job=2a2651fb99214d3eb39e0f612bd08cbc accepted file=Security.evtx bytes=512 sha256=5070409e7914cc63b29ea925111a7015a2dedeb1cfdfe2ba07c682be020e67b6 by=(unknown)
2026-09-11 04:46:39,739 job=3c69765843e74efd9c68b966f631697f accepted file=Security.evtx bytes=512 sha256=5070409e7914cc63b29ea925111a7015a2dedeb1cfdfe2ba07c682be020e67b6 by=(unknown)
2026-09-11 04:46:39,822 job=719fb80e30a04edb8292bd81f130105f accepted file=passwd bytes=512 sha256=5070409e7914cc63b29ea925111a7015a2dedeb1cfdfe2ba07c682be020e67b6 by=(unknown)
2026-09-11 04:46:39,841 job=976ec65f716c417997f667fb8ffaf0a4 accepted file=a.evtx bytes=512 sha256=5070409e7914cc63b29ea925111a7015a2dedeb1cfdfe2ba07c682be020e67b6 by=jose@example.org
2026-09-11 04:46:39,860 job=0175b155451b4b219ae29324cc48845f accepted file=a.evtx bytes=512 sha256=5070409e7914cc63b29ea925111a7015a2dedeb1cfdfe2ba07c682be020e67b6 by=jose_fake_admin _b_x_/b_
2026-09-11 04:46:39,886 job=d2972d13f5724246923e71542d68b33a accepted file=a.evtx bytes=512 sha256=5070409e7914cc63b29ea925111a7015a2dedeb1cfdfe2ba07c682be020e67b6 by=(unverified) INC0012345
2026-09-11 04:46:39,905 job=5ee074d863204d11bc841737f0bd8f54 accepted file=Security.evtx bytes=512 sha256=5070409e7914cc63b29ea925111a7015a2dedeb1cfdfe2ba07c682be020e67b6 by=(unknown)
2026-09-11 04:46:39,950 job=3aad66027f874927b846443fe69543a2 accepted file=First.evtx bytes=512 sha256=5070409e7914cc63b29ea925111a7015a2dedeb1cfdfe2ba07c682be020e67b6 by=(unknown)
2026-09-11 04:46:40,086 job=d1bd188329684782a5e48828fbfc8eda accepted file=Security.evtx bytes=512 sha256=5070409e7914cc63b29ea925111a7015a2dedeb1cfdfe2ba07c682be020e67b6 by=(unknown)
2026-09-11 04:46:40,123 job=c9db2ffe59194c6295a1084949bba829 accepted file=Security.evtx bytes=512 sha256=5070409e7914cc63b29ea925111a7015a2dedeb1cfdfe2ba07c682be020e67b6 by=(unknown)
2026-09-11 04:46:40,148 job=fce497c9545244389a764eae17e4f6f0 accepted file=Security.evtx bytes=512 sha256=5070409e7914cc63b29ea925111a7015a2dedeb1cfdfe2ba07c682be020e67b6 by=(unknown)
2026-09-11 04:46:40,169 job=42f9f0998e0649e3a9785d6e23027bbc accepted file=Security.evtx bytes=512 sha256=5070409e7914cc63b29ea925111a7015a2dedeb1cfdfe2ba07c682be020e67b6 by=(unknown)
2026-09-11 04:46:40,194 job=973fe2b9c65c4a158ca287bf2fabfc82 accepted file=Security.evtx bytes=512 sha256=5070409e7914cc63b29ea925111a7015a2dedeb1cfdfe2ba07c682be020e67b6 by=(unknown)
2026-09-11 04:46:40,215 job=ecb9ca4a184645b19866df31fef54105 accepted file=Security.evtx bytes=512 sha256=5070409e7914cc63b29ea925111a7015a2dedeb1cfdfe2ba07c682be020e67b6 by=(unknown)
2026-09-11 04:46:40,238 job=cb9cc358236d442b85d13ac156f083fe accepted file=Security.evtx bytes=512 sha256=5070409e7914cc63b29ea925111a7015a2dedeb1cfdfe2ba07c682be020e67b6 by=(unknown)
2026-09-11 04:46:40,263 job=1fcd22b5f20c4018a9812df7a3d73cb3 accepted file=Security.evtx bytes=512 sha256=5070409e7914cc63b29ea925111a7015a2dedeb1cfdfe2ba07c682be020e67b6 by=(unknown)
2026-09-11 04:46:40,267 job=1fcd22b5f20c4018a9812df7a3d73cb3 cancel requested (applied=True)
2026-09-11 04:46:40,286 job=68f20ed456854ecf96f53c97d46268a2 accepted file=Security.evtx bytes=512 sha256=5070409e7914cc63b29ea925111a7015a2dedeb1cfdfe2ba07c682be020e67b6 by=(unknown)
2026-09-11 04:46:40,291 job=68f20ed456854ecf96f53c97d46268a2 cancel requested (applied=False)
2026-09-11 04:46:40,309 job=9e07927c1cf84c1db65d583d1fc88bc6 accepted file=Security.evtx bytes=512 sha256=5070409e7914cc63b29ea925111a7015a2dedeb1cfdfe2ba07c682be020e67b6 by=(unknown)
2026-09-11 04:46:40,345 job=94ac4e5088e3403783364f767940840c accepted file=Security.evtx bytes=512 sha256=5070409e7914cc63b29ea925111a7015a2dedeb1cfdfe2ba07c682be020e67b6 by=(unknown)
2026-09-11 04:46:40,371 job=1eba89cbacd3484fa4ad5467f5cea41b accepted file=logs.zip bytes=636 sha256=758bcae783961e0951c3ae132f2a0bfbfdbf7ec75ef713beb7ba4fb410014b8d by=(unknown)
2026-09-11 04:46:40,426 job=8563822fc075499b9bec6b3247044e62 accepted file=Security.evtx bytes=512 sha256=5070409e7914cc63b29ea925111a7015a2dedeb1cfdfe2ba07c682be020e67b6 by=(unknown)
